22:15:45 **** Incremental Build of configuration Debug for project 00_test ****
make -j16 all 
arm-none-eabi-gcc "../Src/main.c" -mcpu=cortex-m7 -std=gnu11 -g3 -DDEBUG -DSTM32 -DSTM32H7SINGLE -DSTM32H723ZGTx -DSTM32H7 -c -I../Inc -I"K:/Learning/stm32_baremetal/00_test/chip_headers/CMSIS/Include" -I"K:/Learning/stm32_baremetal/00_test/chip_headers/CMSIS/Device/ST/STM32H7xx/Include" -O0 -ffunction-sections -fdata-sections -Wall -fstack-usage -fcyclomatic-complexity -MMD -MP -MF"Src/main.d" -MT"Src/main.o" --specs=nano.specs -mfpu=fpv5-d16 -mfloat-abi=hard -mthumb -o "Src/main.o"
arm-none-eabi-gcc -o "00_test.elf" @"objects.list"   -mcpu=cortex-m7 -T"K:\Learning\stm32_baremetal\00_test\STM32H723ZGTX_FLASH.ld" --specs=nosys.specs -Wl,-Map="00_test.map" -Wl,--gc-sections -static --specs=nano.specs -mfpu=fpv5-d16 -mfloat-abi=hard -mthumb -Wl,--start-group -lc -lm -Wl,--end-group
Finished building target: 00_test.elf
 
arm-none-eabi-size  00_test.elf 
arm-none-eabi-objdump -h -S 00_test.elf  > "00_test.list"
   text	   data	    bss	    dec	    hex	filename
    976	      0	   1568	   2544	    9f0	00_test.elf
Finished building: default.size.stdout
 
Finished building: 00_test.list
 
